// Vitest Snapshot v1, https://vitest.dev/guide/snapshot.html

exports[`typerInput > should render typerInput 1`] = `
{
  "asFragment": [Function],
  "baseElement": <body>
    <div>
      <dialog
        class="fixed left-0 top-0 w-full h-full bg-black bg-opacity-50 z-50 overflow-auto backdrop-blur flex justify-center items-center"
      >
        <div
          class="bg-white m-auto p-8"
        >
          <div
            class="flex flex-col items-center"
          >
            <div
              class="text-2xl"
            >
              title
            </div>
            <div>
              content
            </div>
            <br />
            <button
              class="bg-red-500 text-white p-2 "
              type="button"
            >
              Continue
            </button>
          </div>
        </div>
      </dialog>
    </div>
  </body>,
  "container": <div>
    <dialog
      class="fixed left-0 top-0 w-full h-full bg-black bg-opacity-50 z-50 overflow-auto backdrop-blur flex justify-center items-center"
    >
      <div
        class="bg-white m-auto p-8"
      >
        <div
          class="flex flex-col items-center"
        >
          <div
            class="text-2xl"
          >
            title
          </div>
          <div>
            content
          </div>
          <br />
          <button
            class="bg-red-500 text-white p-2 "
            type="button"
          >
            Continue
          </button>
        </div>
      </div>
    </dialog>
  </div>,
  "debug": [Function],
  "findAllByAltText": [Function],
  "findAllByDisplayValue": [Function],
  "findAllByLabelText": [Function],
  "findAllByPlaceholderText": [Function],
  "findAllByRole": [Function],
  "findAllByTestId": [Function],
  "findAllByText": [Function],
  "findAllByTitle": [Function],
  "findByAltText": [Function],
  "findByDisplayValue": [Function],
  "findByLabelText": [Function],
  "findByPlaceholderText": [Function],
  "findByRole": [Function],
  "findByTestId": [Function],
  "findByText": [Function],
  "findByTitle": [Function],
  "getAllByAltText": [Function],
  "getAllByDisplayValue": [Function],
  "getAllByLabelText": [Function],
  "getAllByPlaceholderText": [Function],
  "getAllByRole": [Function],
  "getAllByTestId": [Function],
  "getAllByText": [Function],
  "getAllByTitle": [Function],
  "getByAltText": [Function],
  "getByDisplayValue": [Function],
  "getByLabelText": [Function],
  "getByPlaceholderText": [Function],
  "getByRole": [Function],
  "getByTestId": [Function],
  "getByText": [Function],
  "getByTitle": [Function],
  "queryAllByAltText": [Function],
  "queryAllByDisplayValue": [Function],
  "queryAllByLabelText": [Function],
  "queryAllByPlaceholderText": [Function],
  "queryAllByRole": [Function],
  "queryAllByTestId": [Function],
  "queryAllByText": [Function],
  "queryAllByTitle": [Function],
  "queryByAltText": [Function],
  "queryByDisplayValue": [Function],
  "queryByLabelText": [Function],
  "queryByPlaceholderText": [Function],
  "queryByRole": [Function],
  "queryByTestId": [Function],
  "queryByText": [Function],
  "queryByTitle": [Function],
  "rerender": [Function],
  "unmount": [Function],
}
`;
